Component: ARM Compiler 5.06 update 5 (build 528) Tool: armlink [4d35e2]

==============================================================================

Section Cross References

    main.o(.text) refers to dflti.o(.text) for __aeabi_i2d
    main.o(.text) refers to dmul.o(.text) for __aeabi_dmul
    main.o(.text) refers to dadd.o(.text) for __aeabi_dadd
    main.o(.text) refers to ddiv.o(.text) for __aeabi_ddiv
    main.o(.text) refers to cdcmple.o(.text) for __aeabi_cdcmple
    main.o(.text) refers to delay.o(.text) for delay_ms
    main.o(.text) refers to cdrcmple.o(.text) for __aeabi_cdrcmple
    main.o(.text) refers to stm32f10x_usart.o(.text) for USART_DMACmd
    main.o(.text) refers to dma.o(.text) for MYDMA_Enable
    main.o(.text) refers to dfixi.o(.text) for __aeabi_d2iz
    main.o(.text) refers to main.o(.data) for a
    main.o(.text) refers to main.o(.bss) for samples
    main.o(.text) refers to park.o(.text) for Four_phase_clark
    main.o(.text) refers to dfltui.o(.text) for __aeabi_ui2d
    main.o(.text) refers to ina3221_2.o(.text) for INA3221_2_Median_filtering2
    main.o(.text) refers to ina3221.o(.text) for INA3221_Median_filtering2
    main.o(.text) refers to stm32f10x_gpio.o(.text) for GPIO_SetBits
    main.o(.text) refers to sin.o(i.sin) for sin
    main.o(.text) refers to dfixui.o(.text) for __aeabi_d2uiz
    main.o(.text) refers to stm32f10x_tim.o(.text) for TIM_SetCompare1
    main.o(.text) refers to printfa.o(i.__0printf) for __2printf
    main.o(.text) refers to stm32f10x_rcc.o(.text) for RCC_APB2PeriphClockCmd
    main.o(.text) refers to adc.o(.text) for Get_Adc_Average
    main.o(.text) refers to ffltui.o(.text) for __aeabi_ui2f
    main.o(.text) refers to f2d.o(.text) for __aeabi_f2d
    main.o(.text) refers to atan.o(i.atan) for atan
    main.o(.text) refers to filter.o(.text) for filter_step
    main.o(.text) refers to filter.o(.data) for filter_U
    main.o(.text) refers to filter.o(.bss) for filter_Y
    main.o(.text) refers to memseta.o(.text) for __aeabi_memclr4
    main.o(.text) refers to misc.o(.text) for NVIC_PriorityGroupConfig
    main.o(.text) refers to usart.o(.text) for uart_init
    main.o(.text) refers to timer.o(.text) for TIM3_Int_Init
    main.o(.text) refers to parameter_identify.o(.text) for parameter_identify_initialize
    main.o(.text) refers to fluxobserver.o(.text) for FluxObserver_initialize
    main.o(.text) refers to smo.o(.text) for SMO_initialize
    main.o(.text) refers to main.o(.constdata) for .constdata
    main.o(.text) refers to stm32f10x_dma.o(.text) for DMA_GetFlagStatus
    main.o(.text) refers to printfa.o(i.__0sprintf) for __2sprintf
    main.o(.text) refers to memcpya.o(.text) for __aeabi_memcpy
    main.o(.text) refers to strtok.o(.text) for strtok
    main.o(.text) refers to memcmp.o(.text) for memcmp
    main.o(.text) refers to usart.o(.data) for USART_RX_STA
    main.o(.text) refers to usart.o(.bss) for USART_RX_BUF
    main.o(.text) refers to strtod.o(i.strtod) for strtod
    system_stm32f10x.o(.text) refers to system_stm32f10x.o(.data) for SystemCoreClock
    led.o(.text) refers to stm32f10x_rcc.o(.text) for RCC_APB2PeriphClockCmd
    led.o(.text) refers to stm32f10x_gpio.o(.text) for GPIO_Init
    key.o(.text) refers to stm32f10x_rcc.o(.text) for RCC_APB2PeriphClockCmd
    key.o(.text) refers to stm32f10x_gpio.o(.text) for GPIO_Init
    key.o(.text) refers to delay.o(.text) for delay_ms
    key.o(.text) refers to key.o(.data) for key_up
    timer.o(.text) refers to stm32f10x_rcc.o(.text) for RCC_APB1PeriphClockCmd
    timer.o(.text) refers to stm32f10x_tim.o(.text) for TIM_TimeBaseInit
    timer.o(.text) refers to misc.o(.text) for NVIC_Init
    timer.o(.text) refers to stm32f10x_gpio.o(.text) for GPIO_PinRemapConfig
    adc.o(.text) refers to stm32f10x_rcc.o(.text) for RCC_APB2PeriphClockCmd
    adc.o(.text) refers to stm32f10x_gpio.o(.text) for GPIO_Init
    adc.o(.text) refers to stm32f10x_adc.o(.text) for ADC_DeInit
    ina219.o(.text) refers to stm32f10x_rcc.o(.text) for RCC_APB2PeriphClockCmd
    ina219.o(.text) refers to stm32f10x_gpio.o(.text) for GPIO_Init
    ina219.o(.text) refers to delay.o(.text) for delay_ms
    ina219.o(.text) refers to ina219.o(.data) for ina219_calValue
    ina219.o(.text) refers to qsort.o(.text) for qsort
    ina219.o(.text) refers to ina219.o(.bss) for nums
    park.o(.text) refers to IQNtoF.o(_IQ15toF) for _IQ15toF
    park.o(.text) refers to dmul.o(.text) for __aeabi_dmul
    park.o(.text) refers to dadd.o(.text) for __aeabi_dadd
    park.o(.text) refers to sin.o(i.sin) for sin
    park.o(.text) refers to cos.o(i.cos) for cos
    ina3221.o(.text) refers to stm32f10x_rcc.o(.text) for RCC_APB2PeriphClockCmd
    ina3221.o(.text) refers to stm32f10x_gpio.o(.text) for GPIO_Init
    ina3221.o(.text) refers to delay.o(.text) for delay_ms
    ina3221.o(.text) refers to qsort.o(.text) for qsort
    filter.o(.text) refers to dmul.o(.text) for __aeabi_dmul
[...]
    current                                  0x20000408   Data           8  main.o(.data)
    current_lastlasterror                    0x20000410   Data           8  main.o(.data)
    current_error_accumulation               0x20000418   Data           8  main.o(.data)
    count                                    0x20000420   Data           4  main.o(.data)
    count                                    0x20000424   Data           4  main.o(.data)
    count                                    0x20000428   Data           4  main.o(.data)
    t_times1                                 0x2000042c   Data           4  main.o(.data)
    .data                                    0x20000430   Section       20  system_stm32f10x.o(.data)
    .data                                    0x20000448   Section       12  filter.o(.data)
    filter_M_                                0x20000450   Data           4  filter.o(.data)
    .data                                    0x20000458   Section       20  fluxobserver.o(.data)
    FluxObserver_M_                          0x20000464   Data           8  fluxobserver.o(.data)
    .data                                    0x20000470   Section       36  rt_nonfinite.o(.data)
    .data                                    0x20000494   Section        2  dma.o(.data)
    .data                                    0x20000496   Section        4  delay.o(.data)
    fac_us                                   0x20000496   Data           1  delay.o(.data)
    fac_ms                                   0x20000498   Data           2  delay.o(.data)
    .data                                    0x2000049c   Section        6  usart.o(.data)
    .data                                    0x200004a2   Section       20  stm32f10x_rcc.o(.data)
    APBAHBPrescTable                         0x200004a2   Data          16  stm32f10x_rcc.o(.data)
    ADCPrescTable                            0x200004b2   Data           4  stm32f10x_rcc.o(.data)
    .data                                    0x200004b8   Section        4  strtok.o(.data)
    state                                    0x200004b8   Data           4  strtok.o(.data)
    .data                                    0x200004bc   Section        4  errno.o(.data)
    _errno                                   0x200004bc   Data           4  errno.o(.data)
    .bss                                     0x200004c0   Section      152  main.o(.bss)
    samples                                  0x20000528   Data          24  main.o(.bss)
    samples                                  0x20000540   Data          24  main.o(.bss)
    .bss                                     0x20000558   Section      104  filter.o(.bss)
    .bss                                     0x200005c0   Section      544  parameter_identify.o(.bss)
    .bss                                     0x200007e0   Section       76  fluxobserver.o(.bss)
    .bss                                     0x20000830   Section       72  smo.o(.bss)
    .bss                                     0x20000878   Section       44  dma.o(.bss)
    .bss                                     0x200008a4   Section      200  usart.o(.bss)
    STACK                                    0x20000970   Section     8192  startup_stm32f10x_hd.o(STACK)

    Global Symbols

    Symbol Name                              Value     Ov Type        Size  Object(Section)

    BuildAttributes$$THM_ISAv4$P$D$K$B$S$PE$A:L22UL41UL21$X:L11$S22US41US21$IEEE1$IW$USESV6$~STKCKD$USESV7$~SHL$OTIME$ROPI$IEEEX$EBA8$MICROLIB$REQ8$PRES8$EABIv2 0x00000000   Number         0  anon$$obj.o ABSOLUTE
    __ARM_use_no_argv                        0x00000000   Number         0  main.o ABSOLUTE
    __use_no_errno                           0x00000000   Number         0  useno.o ABSOLUTE
    __use_no_exception_handling              0x00000000   Number         0  useno.o ABSOLUTE
    __use_no_fp                              0x00000000   Number         0  useno.o ABSOLUTE
    __use_no_heap                            0x00000000   Number         0  useno.o ABSOLUTE
    __use_no_heap_region                     0x00000000   Number         0  useno.o ABSOLUTE
    __use_no_semihosting                     0x00000000   Number         0  useno.o ABSOLUTE
    __use_no_semihosting_swi                 0x00000000   Number         0  useno.o ABSOLUTE
    __use_no_signal_handling                 0x00000000   Number         0  useno.o ABSOLUTE
    _printf_a                                0x00000000   Number         0  stubs.o ABSOLUTE
    _printf_c                                0x00000000   Number         0  stubs.o ABSOLUTE
    _printf_charcount                        0x00000000   Number         0  stubs.o ABSOLUTE
    _printf_d                                0x00000000   Number         0  stubs.o ABSOLUTE
    _printf_e                                0x00000000   Number         0  stubs.o ABSOLUTE
    _printf_f                                0x00000000   Number         0  stubs.o ABSOLUTE
    _printf_flags                            0x00000000   Number         0  stubs.o ABSOLUTE
    _printf_fp_dec                           0x00000000   Number         0  stubs.o ABSOLUTE
    _printf_fp_hex                           0x00000000   Number         0  stubs.o ABSOLUTE
    _printf_g                                0x00000000   Number         0  stubs.o ABSOLUTE
    _printf_i                                0x00000000   Number         0  stubs.o ABSOLUTE
    _printf_int_dec                          0x00000000   Number         0  stubs.o ABSOLUTE
    _printf_l                                0x00000000   Number         0  stubs.o ABSOLUTE
    _printf_lc                               0x00000000   Number         0  stubs.o ABSOLUTE
    _printf_ll                               0x00000000   Number         0  stubs.o ABSOLUTE
    _printf_lld                              0x00000000   Number         0  stubs.o ABSOLUTE
    _printf_lli                              0x00000000   Number         0  stubs.o ABSOLUTE
    _printf_llo                              0x00000000   Number         0  stubs.o ABSOLUTE
    _printf_llu                              0x00000000   Number         0  stubs.o ABSOLUTE
    _printf_llx                              0x00000000   Number         0  stubs.o ABSOLUTE
    _printf_longlong_dec                     0x00000000   Number         0  stubs.o ABSOLUTE
    _printf_longlong_hex                     0x00000000   Number         0  stubs.o ABSOLUTE
    _printf_longlong_oct                     0x00000000   Number         0  stubs.o ABSOLUTE
    _printf_ls                               0x00000000   Number         0  stubs.o ABSOLUTE
    _printf_mbtowc                           0x00000000   Number         0  stubs.o ABSOLUTE
    _printf_n                                0x00000000   Number         0  stubs.o ABSOLUTE
    _printf_o                                0x00000000   Number         0  stubs.o ABSOLUTE
    _printf_p                                0x00000000   Number         0  stubs.o ABSOLUTE
    _printf_percent                          0x00000000   Number         0  stubs.o ABSOLUTE
    _printf_pre_padding                      0x00000000   Number         0  stubs.o ABSOLUTE
    _printf_return_value                     0x00000000   Number         0  stubs.o ABSOLUTE
    _printf_s                                0x00000000   Number         0  stubs.o ABSOLUTE
    _printf_sizespec                         0x00000000   Number         0  stubs.o ABSOLUTE
    _printf_str                              0x00000000   Number         0  stubs.o ABSOLUTE
    _printf_truncate_signed                  0x00000000   Number         0  stubs.o ABSOLUTE
    _printf_truncate_unsigned                0x00000000   Number         0  stubs.o ABSOLUTE
    _printf_u                                0x00000000   Number         0  stubs.o ABSOLUTE
    _printf_wc                               0x00000000   Number         0  stubs.o ABSOLUTE
    _printf_wctomb                           0x00000000   Number         0  stubs.o ABSOLUTE
    _printf_widthprec                        0x00000000   Number         0  stubs.o ABSOLUTE
    _printf_x                                0x00000000   Number         0  stubs.o ABSOLUTE
    __cpp_initialize__aeabi_                  - Undefined Weak Reference
    __cxa_finalize                            - Undefined Weak Reference
    _clock_init                               - Undefined Weak Reference
    _microlib_exit                            - Undefined Weak Reference
    __Vectors_Size                           0x00000130   Number         0  startup_stm32f10x_hd.o ABSOLUTE
    __Vectors                                0x08000000   Data           4  startup_stm32f10x_hd.o(RESET)
    __Vectors_End                            0x08000130   Data           0  startup_stm32f10x_hd.o(RESET)
    __main                                   0x08000131   Thumb Code     0  entry.o(.ARM.Collect$$$$00000000)
    _main_stk                                0x08000131   Thumb Code     0  entry2.o(.ARM.Collect$$$$00000001)
    _main_scatterload                        0x08000135   Thumb Code     0  entry5.o(.ARM.Collect$$$$00000004)
    __main_after_scatterload                 0x08000139   Thumb Code     0  entry5.o(.ARM.Collect$$$$00000004)
    _main_clock                              0x08000139   Thumb Code     0  entry7b.o(.ARM.Collect$$$$00000008)
    _main_cpp_init                           0x08000139   Thumb Code     0  entry8b.o(.ARM.Collect$$$$0000000A)
    _main_init                               0x08000139   Thumb Code     0  entry9a.o(.ARM.Collect$$$$0000000B)
    __rt_final_cpp                           0x08000141   Thumb Code     0  entry10a.o(.ARM.Collect$$$$0000000D)
    __rt_final_exit                          0x08000141   Thumb Code     0  entry11a.o(.ARM.Collect$$$$0000000F)
    tri_wave                                 0x08000145   Thumb Code   136  main.o(.text)
    pidController                            0x080001cd   Thumb Code   138  main.o(.text)
    medianFilter3_1                          0x08000257   Thumb Code   240  main.o(.text)
    medianFilter3_2                          0x08000347   Thumb Code   240  main.o(.text)
    print                                    0x08000437   Thumb Code    62  main.o(.text)
    force_observer                           0x08000475   Thumb Code   130  main.o(.text)
    prediction                               0x080004f7   Thumb Code   752  main.o(.text)
    D_current_PID                            0x080007e7   Thumb Code   434  main.o(.text)
    Q_current_PID                            0x08000999   Thumb Code   440  main.o(.text)
    force_PID                                0x08000b51   Thumb Code   176  main.o(.text)
    MRAC                                     0x08000c01   Thumb Code   166  main.o(.text)
    MeasureTimeStart                         0x08000ca7   Thumb Code    38  main.o(.text)
    MeasureTimeStop                          0x08000ccd   Thumb Code    82  main.o(.text)
    get_mid                                  0x08000d1f   Thumb Code   164  main.o(.text)
    current_PID_FOC_coil1                    0x08000dc3   Thumb Code   496  main.o(.text)
    current_PID_FOC_coil2                    0x08000fb3   Thumb Code   420  main.o(.text)
    current_PID_FOC_coil3                    0x08001157   Thumb Code   522  main.o(.text)
    current_PID_FOC_coil4                    0x08001361   Thumb Code   426  main.o(.text)
    phase_convert                            0x0800150b   Thumb Code   186  main.o(.text)
    motor_run_DQ_new                         0x080015c5   Thumb Code  2822  main.o(.text)
    motor_run                                0x080020cb   Thumb Code   952  main.o(.text)
    motor_run_new                            0x08002483   Thumb Code  1690  main.o(.text)
    motor_run_DQ                             0x08002b1d   Thumb Code   984  main.o(.text)
    motor_run_DQ_2                           0x08002ef5   Thumb Code   586  main.o(.text)
    motor_run_FOC                            0x0800313f   Thumb Code   774  main.o(.text)
    GPIO_init_function                       0x08003445   Thumb Code    50  main.o(.text)
    GPIOInit                                 0x08003477   Thumb Code    46  main.o(.text)
    get_position                             0x080034a5   Thumb Code  1100  main.o(.text)
    current_PID                              0x080038f1   Thumb Code   538  main.o(.text)
    voltage2current                          0x08003b0b   Thumb Code   176  main.o(.text)
    status_information                       0x08003bbb   Thumb Code    40  main.o(.text)
    main                                     0x08003be3   Thumb Code  1232  main.o(.text)
    TIM2_IRQHandler                          0x080040b3   Thumb Code    52  main.o(.text)
    get_length                               0x080040e7   Thumb Code    22  main.o(.text)
    TIM3_IRQHandler                          0x080040fd   Thumb Code  1792  main.o(.text)
    NMI_Handler                              0x0800494d   Thumb Code     2  stm32f10x_it.o(.text)
    HardFault_Handler                        0x0800494f   Thumb Code     4  stm32f10x_it.o(.text)
    MemManage_Handler                        0x08004953   Thumb Code     4  stm32f10x_it.o(.text)
    BusFault_Handler                         0x08004957   Thumb Code     4  stm32f10x_it.o(.text)
    UsageFault_Handler                       0x0800495b   Thumb Code     4  stm32f10x_it.o(.text)
    SVC_Handler                              0x0800495f   Thumb Code     2  stm32f10x_it.o(.text)
    DebugMon_Handler                         0x08004961   Thumb Code     2  stm32f10x_it.o(.text)
    PendSV_Handler                           0x08004963   Thumb Code     2  stm32f10x_it.o(.text)
    SysTick_Handler                          0x08004965   Thumb Code     2  stm32f10x_it.o(.text)
    SystemInit                               0x08004a47   Thumb Code    78  system_stm32f10x.o(.text)
    SystemCoreClockUpdate                    0x08004a95   Thumb Code   142  system_stm32f10x.o(.text)
    TIM3_Int_Init                            0x08004b49   Thumb Code    90  timer.o(.text)
    TIM2_Int_Init                            0x08004ba3   Thumb Code    92  timer.o(.text)
    TIM1_Int_Init                            0x08004bff   Thumb Code   102  timer.o(.text)
    TIM3_PWM_Init                            0x08004c65   Thumb Code   130  timer.o(.text)
    servo_init                               0x08004ce7   Thumb Code   278  timer.o(.text)
    Adc_Init                                 0x08004e11   Thumb Code   132  adc.o(.text)
    Get_Adc                                  0x08004e95   Thumb Code    46  adc.o(.text)
    Get_Adc_Average                          0x08004ec3   Thumb Code    72  adc.o(.text)
    clark_and_park                           0x08004f15   Thumb Code   522  park.o(.text)
    Four_phase_clark                         0x0800511f   Thumb Code   534  park.o(.text)
    Park                                     0x08005335   Thumb Code   132  park.o(.text)
    Park_inverse                             0x080053b9   Thumb Code   148  park.o(.text)
    Four_phase_clark_inverse                 0x0800544d   Thumb Code   368  park.o(.text)
    SCL_OUT_3221                             0x080055d9   Thumb Code    50  ina3221.o(.text)
    SDA_OUT_3221                             0x0800560b   Thumb Code    50  ina3221.o(.text)
    SDA_IN_3221                              0x0800563d   Thumb Code    40  ina3221.o(.text)
    delay_nus_3221                           0x08005665   Thumb Code    70  ina3221.o(.text)
    INA3221_IIC_Init                         0x080056ab   Thumb Code    38  ina3221.o(.text)
    INA3221_IIC_Start                        0x080056d1   Thumb Code    62  ina3221.o(.text)
    INA3221_IIC_Stop                         0x0800570f   Thumb Code    52  ina3221.o(.text)
    INA3221_IIC_Ack                          0x08005743   Thumb Code    62  ina3221.o(.text)
    INA3221_IIC_NAck                         0x08005781   Thumb Code    62  ina3221.o(.text)
    INA3221_IIC_Wait_Ack                     0x080057bf   Thumb Code    90  ina3221.o(.text)
    INA3221_IIC_Send_Byte                    0x08005819   Thumb Code    94  ina3221.o(.text)
    INA3221_IIC_Read_Byte                    0x08005877   Thumb Code    94  ina3221.o(.text)
    INA3221_SendData                         0x080058d5   Thumb Code    68  ina3221.o(.text)
    INA3221_SetRegPointer                    0x08005919   Thumb Code    36  ina3221.o(.text)
    INA3221_ReadData                         0x0800593d   Thumb Code    54  ina3221.o(.text)
    INA3221_SelfCheck                        0x08005973   Thumb Code    40  ina3221.o(.text)
    INA3221_Init                             0x0800599b   Thumb Code    46  ina3221.o(.text)
    INA3221_GetVoltage                       0x080059c9   Thumb Code    84  ina3221.o(.text)
    INA3221_GetShuntVoltage                  0x08005a1d   Thumb Code    84  ina3221.o(.text)
    compInc                                  0x08005a71   Thumb Code    10  ina3221.o(.text)
    INA3221_Mean_filtering1                  0x08005a7b   Thumb Code    36  ina3221.o(.text)
    INA3221_Median_filtering1                0x08005a9f   Thumb Code    72  ina3221.o(.text)
    INA3221_Median_filtering2                0x08005ae7   Thumb Code    72  ina3221.o(.text)
    INA3221_Median_filtering3                0x08005b2f   Thumb Code    72  ina3221.o(.text)
    filter_step                              0x08005b79   Thumb Code   304  filter.o(.text)
    filter_initialize                        0x08005ca9   Thumb Code     2  filter.o(.text)
    filter_terminate                         0x08005cab   Thumb Code     2  filter.o(.text)
    parameter_identify_step                  0x08005cc1   Thumb Code  7294  parameter_identify.o(.text)
    parameter_identify_initialize            0x0800793f   Thumb Code    96  parameter_identify.o(.text)
    parameter_identify_terminate             0x0800799f   Thumb Code     2  parameter_identify.o(.text)
    rt_atan2f_snf                            0x080079dd   Thumb Code   166  fluxobserver.o(.text)
    FluxObserver_step                        0x08007a83   Thumb Code   666  fluxobserver.o(.text)
    FluxObserver_initialize                  0x08007d1d   Thumb Code    18  fluxobserver.o(.text)
    FluxObserver_terminate                   0x08007d2f   Thumb Code     2  fluxobserver.o(.text)
    rt_InitInfAndNaN                         0x08007d91   Thumb Code    54  rt_nonfinite.o(.text)
    rtIsInf                                  0x08007dc7   Thumb Code    42  rt_nonfinite.o(.text)
    rtIsInfF                                 0x08007df1   Thumb Code    36  rt_nonfinite.o(.text)
    rtIsNaNF                                 0x08007e15   Thumb Code    34  rt_nonfinite.o(.text)
    rtIsNaN                                  0x08007e37   Thumb Code    76  rt_nonfinite.o(.text)
    rtGetInfF                                0x08007ea1   Thumb Code    12  rtgetinf.o(.text)
    rtGetInf                                 0x08007ead   Thumb Code    50  rtgetinf.o(.text)
    rtGetMinusInfF                           0x08007edf   Thumb Code    10  rtgetinf.o(.text)
    rtGetMinusInf                            0x08007ee9   Thumb Code    50  rtgetinf.o(.text)
    rtGetNaNF                                0x08007f29   Thumb Code    14  rtgetnan.o(.text)
    rtGetNaN                                 0x08007f37   Thumb Code    50  rtgetnan.o(.text)
    SMO_step                                 0x08007f71   Thumb Code   556  smo.o(.text)
    SMO_initialize                           0x0800819d   Thumb Code     2  smo.o(.text)
    SMO_terminate                            0x0800819f   Thumb Code     2  smo.o(.text)
    SCL_OUT_3221_2                           0x080081d1   Thumb Code    46  ina3221_2.o(.text)
    SDA_OUT_3221_2                           0x080081ff   Thumb Code    46  ina3221_2.o(.text)
    SDA_IN_3221_2                            0x0800822d   Thumb Code    38  ina3221_2.o(.text)
    delay_nus_3221_2                         0x08008253   Thumb Code    70  ina3221_2.o(.text)
    INA3221_2_IIC_Init                       0x08008299   Thumb Code    34  ina3221_2.o(.text)
    INA3221_2_IIC_Start                      0x080082bb   Thumb Code    54  ina3221_2.o(.text)
    INA3221_2_IIC_Stop                       0x080082f1   Thumb Code    46  ina3221_2.o(.text)
    INA3221_2_IIC_Ack                        0x0800831f   Thumb Code    54  ina3221_2.o(.text)
    INA3221_2_IIC_NAck                       0x08008355   Thumb Code    54  ina3221_2.o(.text)
    INA3221_2_IIC_Wait_Ack                   0x0800838b   Thumb Code    82  ina3221_2.o(.text)
    INA3221_2_IIC_Send_Byte                  0x080083dd   Thumb Code    84  ina3221_2.o(.text)
    INA3221_2_IIC_Read_Byte                  0x08008431   Thumb Code    88  ina3221_2.o(.text)
    INA3221_2_SendData                       0x08008489   Thumb Code    68  ina3221_2.o(.text)
    INA3221_2_SetRegPointer                  0x080084cd   Thumb Code    36  ina3221_2.o(.text)
    INA3221_2_ReadData                       0x080084f1   Thumb Code    54  ina3221_2.o(.text)
    INA3221_2_SelfCheck                      0x08008527   Thumb Code    40  ina3221_2.o(.text)
    INA3221_2_Init                           0x0800854f   Thumb Code    46  ina3221_2.o(.text)
    INA3221_2_GetVoltage                     0x0800857d   Thumb Code    84  ina3221_2.o(.text)
    INA3221_2_GetShuntVoltage                0x080085d1   Thumb Code    84  ina3221_2.o(.text)
    INA3221_2_Mean_filtering1                0x08008625   Thumb Code    36  ina3221_2.o(.text)
    compInc_2                                0x08008649   Thumb Code    10  ina3221_2.o(.text)
    INA3221_2_Median_filtering1              0x08008653   Thumb Code    72  ina3221_2.o(.text)
    INA3221_2_Median_filtering2              0x0800869b   Thumb Code    72  ina3221_2.o(.text)
    INA3221_2_Median_filtering3              0x080086e3   Thumb Code    72  ina3221_2.o(.text)
    MYDMA_Config                             0x0800872d   Thumb Code    82  dma.o(.text)
    MYDMA_Enable                             0x0800877f   Thumb Code    32  dma.o(.text)
    delay_init                               0x080087a9   Thumb Code    50  delay.o(.text)
    delay_us                                 0x080087db   Thumb Code    72  delay.o(.text)
    delay_ms                                 0x08008823   Thumb Code    72  delay.o(.text)
    _sys_exit                                0x0800887d   Thumb Code     4  usart.o(.text)
    fputc                                    0x08008881   Thumb Code    24  usart.o(.text)
    uart_init                                0x08008899   Thumb Code   152  usart.o(.text)
    USART1_IRQHandler                        0x08008931   Thumb Code   122  usart.o(.text)
    Reset_Handler                            0x080089bd   Thumb Code     8  startup_stm32f10x_hd.o(.text)
    ADC1_2_IRQHandler                        0x080089d7   Thumb Code     0  startup_stm32f10x_hd.o(.text)
    ADC3_IRQHandler                          0x080089d7   Thumb Code     0  startup_stm32f10x_hd.o(.text)
    CAN1_RX1_IRQHandler                      0x080089d7   Thumb Code     0  startup_stm32f10x_hd.o(.text)
    CAN1_SCE_IRQHandler                      0x080089d7   Thumb Code     0  startup_stm32f10x_hd.o(.text)
    DMA1_Channel1_IRQHandler                 0x080089d7   Thumb Code     0  startup_stm32f10x_hd.o(.text)
    DMA1_Channel2_IRQHandler                 0x080089d7   Thumb Code     0  startup_stm32f10x_hd.o(.text)
    DMA1_Channel3_IRQHandler                 0x080089d7   Thumb Code     0  startup_stm32f10x_hd.o(.text)
    DMA1_Channel4_IRQHandler                 0x080089d7   Thumb Code     0  startup_stm32f10x_hd.o(.text)
    DMA1_Channel5_IRQHandler                 0x080089d7   Thumb Code     0  startup_stm32f10x_hd.o(.text)
    DMA1_Channel6_IRQHandler                 0x080089d7   Thumb Code     0  startup_stm32f10x_hd.o(.text)
    DMA1_Channel7_IRQHandler                 0x080089d7   Thumb Code     0  startup_stm32f10x_hd.o(.text)
    DMA2_Channel1_IRQHandler                 0x080089d7   Thumb Code     0  startup_stm32f10x_hd.o(.text)
    DMA2_Channel2_IRQHandler                 0x080089d7   Thumb Code     0  startup_stm32f10x_hd.o(.text)
    DMA2_Channel3_IRQHandler                 0x080089d7   Thumb Code     0  startup_stm32f10x_hd.o(.text)
    DMA2_Channel4_5_IRQHandler               0x080089d7   Thumb Code     0  startup_stm32f10x_hd.o(.text)
    EXTI0_IRQHandler                         0x080089d7   Thumb Code     0  startup_stm32f10x_hd.o(.text)
    EXTI15_10_IRQHandler                     0x080089d7   Thumb Code     0  startup_stm32f10x_hd.o(.text)
    EXTI1_IRQHandler                         0x080089d7   Thumb Code     0  startup_stm32f10x_hd.o(.text)
    EXTI2_IRQHandler                         0x080089d7   Thumb Code     0  startup_stm32f10x_hd.o(.text)
    EXTI3_IRQHandler                         0x080089d7   Thumb Code     0  startup_stm32f10x_hd.o(.text)
    EXTI4_IRQHandler                         0x080089d7   Thumb Code     0  startup_stm32f10x_hd.o(.text)
    EXTI9_5_IRQHandler                       0x080089d7   Thumb Code     0  startup_stm32f10x_hd.o(.text)
    FLASH_IRQHandler                         0x080089d7   Thumb Code     0  startup_stm32f10x_hd.o(.text)
    FSMC_IRQHandler                          0x080089d7   Thumb Code     0  startup_stm32f10x_hd.o(.text)
    I2C1_ER_IRQHandler                       0x080089d7   Thumb Code     0  startup_stm32f10x_hd.o(.text)
    I2C1_EV_IRQHandler                       0x080089d7   Thumb Code     0  startup_stm32f10x_hd.o(.text)
    I2C2_ER_IRQHandler                       0x080089d7   Thumb Code     0  startup_stm32f10x_hd.o(.text)
    I2C2_EV_IRQHandler                       0x080089d7   Thumb Code     0  startup_stm32f10x_hd.o(.text)
    PVD_IRQHandler                           0x080089d7   Thumb Code     0  startup_stm32f10x_hd.o(.text)
    RCC_IRQHandler                           0x080089d7   Thumb Code     0  startup_stm32f10x_hd.o(.text)
    RTCAlarm_IRQHandler                      0x080089d7   Thumb Code     0  startup_stm32f10x_hd.o(.text)
    RTC_IRQHandler                           0x080089d7   Thumb Code     0  startup_stm32f10x_hd.o(.text)
    SDIO_IRQHandler                          0x080089d7   Thumb Code     0  startup_stm32f10x_hd.o(.text)
    SPI1_IRQHandler                          0x080089d7   Thumb Code     0  startup_stm32f10x_hd.o(.text)
    SPI2_IRQHandler                          0x080089d7   Thumb Code     0  startup_stm32f10x_hd.o(.text)
    SPI3_IRQHandler                          0x080089d7   Thumb Code     0  startup_stm32f10x_hd.o(.text)
    TAMPER_IRQHandler                        0x080089d7   Thumb Code     0  startup_stm32f10x_hd.o(.text)
    TIM1_BRK_IRQHandler                      0x080089d7   Thumb Code     0  startup_stm32f10x_hd.o(.text)
    TIM1_CC_IRQHandler                       0x080089d7   Thumb Code     0  startup_stm32f10x_hd.o(.text)
    TIM1_TRG_COM_IRQHandler                  0x080089d7   Thumb Code     0  startup_stm32f10x_hd.o(.text)
    TIM1_UP_IRQHandler                       0x080089d7   Thumb Code     0  startup_stm32f10x_hd.o(.text)
    TIM4_IRQHandler                          0x080089d7   Thumb Code     0  startup_stm32f10x_hd.o(.text)
    TIM5_IRQHandler                          0x080089d7   Thumb Code     0  startup_stm32f10x_hd.o(.text)
    TIM6_IRQHandler                          0x080089d7   Thumb Code     0  startup_stm32f10x_hd.o(.text)
    TIM7_IRQHandler                          0x080089d7   Thumb Code     0  startup_stm32f10x_hd.o(.text)
    TIM8_BRK_IRQHandler                      0x080089d7   Thumb Code     0  startup_stm32f10x_hd.o(.text)
    TIM8_CC_IRQHandler                       0x080089d7   Thumb Code     0  startup_stm32f10x_hd.o(.text)
    TIM8_TRG_COM_IRQHandler                  0x080089d7   Thumb Code     0  startup_stm32f10x_hd.o(.text)
    TIM8_UP_IRQHandler                       0x080089d7   Thumb Code     0  startup_stm32f10x_hd.o(.text)
    UART4_IRQHandler                         0x080089d7   Thumb Code     0  startup_stm32f10x_hd.o(.text)
    UART5_IRQHandler                         0x080089d7   Thumb Code     0  startup_stm32f10x_hd.o(.text)
    USART2_IRQHandler                        0x080089d7   Thumb Code     0  startup_stm32f10x_hd.o(.text)
    USART3_IRQHandler                        0x080089d7   Thumb Code     0  startup_stm32f10x_hd.o(.text)
    USBWakeUp_IRQHandler                     0x080089d7   Thumb Code     0  startup_stm32f10x_hd.o(.text)
    USB_HP_CAN1_TX_IRQHandler                0x080089d7   Thumb Code     0  startup_stm32f10x_hd.o(.text)
    USB_LP_CAN1_RX0_IRQHandler               0x080089d7   Thumb Code     0  startup_stm32f10x_hd.o(.text)
    WWDG_IRQHandler                          0x080089d7   Thumb Code     0  startup_stm32f10x_hd.o(.text)
    NVIC_PriorityGroupConfig                 0x080089e1   Thumb Code    10  misc.o(.text)
    NVIC_Init                                0x080089eb   Thumb Code   100  misc.o(.text)
    NVIC_SetVectorTable                      0x08008a4f   Thumb Code    14  misc.o(.text)
    NVIC_SystemLPConfig                      0x08008a5d   Thumb Code    34  misc.o(.text)
    SysTick_CLKSourceConfig                  0x08008a7f   Thumb Code    40  misc.o(.text)
    GPIO_DeInit                              0x08008abd   Thumb Code   172  stm32f10x_gpio.o(.text)
    GPIO_AFIODeInit                          0x08008b69   Thumb Code    20  stm32f10x_gpio.o(.text)
    GPIO_Init                                0x08008b7d   Thumb Code   278  stm32f10x_gpio.o(.text)
    GPIO_StructInit                          0x08008c93   Thumb Code    16  stm32f10x_gpio.o(.text)
    GPIO_ReadInputDataBit                    0x08008ca3   Thumb Code    18  stm32f10x_gpio.o(.text)
    GPIO_ReadInputData                       0x08008cb5   Thumb Code     8  stm32f10x_gpio.o(.text)
    GPIO_ReadOutputDataBit                   0x08008cbd   Thumb Code    18  stm32f10x_gpio.o(.text)
    GPIO_ReadOutputData                      0x08008ccf   Thumb Code     8  stm32f10x_gpio.o(.text)
    GPIO_SetBits                             0x08008cd7   Thumb Code     4  stm32f10x_gpio.o(.text)
    GPIO_ResetBits                           0x08008cdb   Thumb Code     4  stm32f10x_gpio.o(.text)
    GPIO_WriteBit                            0x08008cdf   Thumb Code    10  stm32f10x_gpio.o(.text)
    GPIO_Write                               0x08008ce9   Thumb Code     4  stm32f10x_gpio.o(.text)
    GPIO_PinLockConfig                       0x08008ced   Thumb Code    18  stm32f10x_gpio.o(.text)
    GPIO_EventOutputConfig                   0x08008cff   Thumb Code    26  stm32f10x_gpio.o(.text)
    GPIO_EventOutputCmd                      0x08008d19   Thumb Code     6  stm32f10x_gpio.o(.text)
    GPIO_PinRemapConfig                      0x08008d1f   Thumb Code   138  stm32f10x_gpio.o(.text)
    GPIO_EXTILineConfig                      0x08008da9   Thumb Code    66  stm32f10x_gpio.o(.text)
    GPIO_ETH_MediaInterfaceConfig            0x08008deb   Thumb Code     8  stm32f10x_gpio.o(.text)
    RCC_DeInit                               0x08008e19   Thumb Code    64  stm32f10x_rcc.o(.text)
    RCC_HSEConfig                            0x08008e59   Thumb Code    70  stm32f10x_rcc.o(.text)
    RCC_GetFlagStatus                        0x08008e9f   Thumb Code    56  stm32f10x_rcc.o(.text)
    RCC_WaitForHSEStartUp                    0x08008ed7   Thumb Code    56  stm32f10x_rcc.o(.text)
    RCC_AdjustHSICalibrationValue            0x08008f0f   Thumb Code    20  stm32f10x_rcc.o(.text)
    RCC_HSICmd                               0x08008f23   Thumb Code     6  stm32f10x_rcc.o(.text)
    RCC_PLLConfig                            0x08008f29   Thumb Code    24  stm32f10x_rcc.o(.text)
    RCC_PLLCmd                               0x08008f41   Thumb Code     6  stm32f10x_rcc.o(.text)
    RCC_SYSCLKConfig                         0x08008f47   Thumb Code    18  stm32f10x_rcc.o(.text)
    RCC_GetSYSCLKSource                      0x08008f59   Thumb Code    10  stm32f10x_rcc.o(.text)
    RCC_HCLKConfig                           0x08008f63   Thumb Code    18  stm32f10x_rcc.o(.text)
    RCC_PCLK1Config                          0x08008f75   Thumb Code    18  stm32f10x_rcc.o(.text)
    RCC_PCLK2Config                          0x08008f87   Thumb Code    20  stm32f10x_rcc.o(.text)
    RCC_ITConfig                             0x08008f9b   Thumb Code    26  stm32f10x_rcc.o(.text)
    RCC_USBCLKConfig                         0x08008fb5   Thumb Code     8  stm32f10x_rcc.o(.text)
    RCC_ADCCLKConfig                         0x08008fbd   Thumb Code    18  stm32f10x_rcc.o(.text)
    RCC_LSEConfig                            0x08008fcf   Thumb Code    50  stm32f10x_rcc.o(.text)
    RCC_LSICmd                               0x08009001   Thumb Code     6  stm32f10x_rcc.o(.text)
    RCC_RTCCLKConfig                         0x08009007   Thumb Code    12  stm32f10x_rcc.o(.text)
    RCC_RTCCLKCmd                            0x08009013   Thumb Code     8  stm32f10x_rcc.o(.text)
    RCC_GetClocksFreq                        0x0800901b   Thumb Code   192  stm32f10x_rcc.o(.text)
    RCC_AHBPeriphClockCmd                    0x080090db   Thumb Code    26  stm32f10x_rcc.o(.text)
    RCC_APB2PeriphClockCmd                   0x080090f5   Thumb Code    26  stm32f10x_rcc.o(.text)
    RCC_APB1PeriphClockCmd                   0x0800910f   Thumb Code    26  stm32f10x_rcc.o(.text)
    RCC_APB2PeriphResetCmd                   0x08009129   Thumb Code    26  stm32f10x_rcc.o(.text)
    RCC_APB1PeriphResetCmd                   0x08009143   Thumb Code    26  stm32f10x_rcc.o(.text)
    RCC_BackupResetCmd                       0x0800915d   Thumb Code     8  stm32f10x_rcc.o(.text)
    RCC_ClockSecuritySystemCmd               0x08009165   Thumb Code     6  stm32f10x_rcc.o(.text)
    RCC_MCOConfig                            0x0800916b   Thumb Code     6  stm32f10x_rcc.o(.text)
    RCC_ClearFlag                            0x08009171   Thumb Code    14  stm32f10x_rcc.o(.text)
    RCC_GetITStatus                          0x0800917f   Thumb Code    20  stm32f10x_rcc.o(.text)
    RCC_ClearITPendingBit                    0x08009193   Thumb Code     6  stm32f10x_rcc.o(.text)
    TIM_DeInit                               0x080091bd   Thumb Code   424  stm32f10x_tim.o(.text)
    TIM_TimeBaseInit                         0x08009365   Thumb Code   122  stm32f10x_tim.o(.text)
    TIM_OC1Init                              0x080093df   Thumb Code   132  stm32f10x_tim.o(.text)
    TIM_OC2Init                              0x08009463   Thumb Code   154  stm32f10x_tim.o(.text)
    TIM_OC3Init                              0x080094fd   Thumb Code   150  stm32f10x_tim.o(.text)
    TIM_OC4Init                              0x08009593   Thumb Code   182  stm32f10x_tim.o(.text)
    TIM_SetIC4Prescaler                      0x08009649   Thumb Code    26  stm32f10x_tim.o(.text)
    TIM_SetIC3Prescaler                      0x080096e5   Thumb Code    18  stm32f10x_tim.o(.text)
    TIM_SetIC2Prescaler                      0x08009771   Thumb Code    26  stm32f10x_tim.o(.text)
    TIM_SetIC1Prescaler                      0x0800980d   Thumb Code    18  stm32f10x_tim.o(.text)
    TIM_ICInit                               0x0800988b   Thumb Code   150  stm32f10x_tim.o(.text)
    TIM_PWMIConfig                           0x08009921   Thumb Code   124  stm32f10x_tim.o(.text)
    TIM_BDTRConfig                           0x0800999d   Thumb Code    32  stm32f10x_tim.o(.text)
    TIM_TimeBaseStructInit                   0x080099bd   Thumb Code    18  stm32f10x_tim.o(.text)
    TIM_OCStructInit                         0x080099cf   Thumb Code    20  stm32f10x_tim.o(.text)
    TIM_ICStructInit                         0x080099e3   Thumb Code    18  stm32f10x_tim.o(.text)
    TIM_BDTRStructInit                       0x080099f5   Thumb Code    40  stm32f10x_tim.o(.text)
    TIM_Cmd                                  0x08009a1d   Thumb Code    24  stm32f10x_tim.o(.text)
    TIM_CtrlPWMOutputs                       0x08009a35   Thumb Code    30  stm32f10x_tim.o(.text)
    TIM_ITConfig                             0x08009a53   Thumb Code    18  stm32f10x_tim.o(.text)
    TIM_GenerateEvent                        0x08009a65   Thumb Code     4  stm32f10x_tim.o(.text)
    TIM_DMAConfig                            0x08009a69   Thumb Code    10  stm32f10x_tim.o(.text)
    TIM_DMACmd                               0x08009a73   Thumb Code    18  stm32f10x_tim.o(.text)
    TIM_InternalClockConfig                  0x08009a85   Thumb Code    12  stm32f10x_tim.o(.text)
    TIM_SelectInputTrigger                   0x08009a91   Thumb Code    18  stm32f10x_tim.o(.text)
    TIM_ITRxExternalClockConfig              0x08009aa3   Thumb Code    24  stm32f10x_tim.o(.text)
    TIM_TIxExternalClockConfig               0x08009abb   Thumb Code    62  stm32f10x_tim.o(.text)
    TIM_ETRConfig                            0x08009af9   Thumb Code    28  stm32f10x_tim.o(.text)
    TIM_ETRClockMode1Config                  0x08009b15   Thumb Code    54  stm32f10x_tim.o(.text)
    TIM_ETRClockMode2Config                  0x08009b4b   Thumb Code    32  stm32f10x_tim.o(.text)
    TIM_PrescalerConfig                      0x08009b6b   Thumb Code     6  stm32f10x_tim.o(.text)
    TIM_CounterModeConfig                    0x08009b71   Thumb Code    18  stm32f10x_tim.o(.text)
    TIM_EncoderInterfaceConfig               0x08009b83   Thumb Code    66  stm32f10x_tim.o(.text)
    TIM_ForcedOC1Config                      0x08009bc5   Thumb Code    18  stm32f10x_tim.o(.text)
    TIM_ForcedOC2Config                      0x08009bd7   Thumb Code    26  stm32f10x_tim.o(.text)
    TIM_ForcedOC3Config                      0x08009bf1   Thumb Code    18  stm32f10x_tim.o(.text)
    TIM_ForcedOC4Config                      0x08009c03   Thumb Code    26  stm32f10x_tim.o(.text)
    TIM_ARRPreloadConfig                     0x08009c1d   Thumb Code    24  stm32f10x_tim.o(.text)
    TIM_SelectCOM                            0x08009c35   Thumb Code    24  stm32f10x_tim.o(.text)
    TIM_SelectCCDMA                          0x08009c4d   Thumb Code    24  stm32f10x_tim.o(.text)
    TIM_CCPreloadControl                     0x08009c65   Thumb Code    24  stm32f10x_tim.o(.text)
    TIM_OC1PreloadConfig                     0x08009c7d   Thumb Code    18  stm32f10x_tim.o(.text)
    TIM_OC2PreloadConfig                     0x08009c8f   Thumb Code    26  stm32f10x_tim.o(.text)
    TIM_OC3PreloadConfig                     0x08009ca9   Thumb Code    18  stm32f10x_tim.o(.text)
    TIM_OC4PreloadConfig                     0x08009cbb   Thumb Code    26  stm32f10x_tim.o(.text)
    TIM_OC1FastConfig                        0x08009cd5   Thumb Code    18  stm32f10x_tim.o(.text)
    TIM_OC2FastConfig                        0x08009ce7   Thumb Code    26  stm32f10x_tim.o(.text)
    TIM_OC3FastConfig                        0x08009d01   Thumb Code    18  stm32f10x_tim.o(.text)
    TIM_OC4FastConfig                        0x08009d13   Thumb Code    26  stm32f10x_tim.o(.text)
    TIM_ClearOC1Ref                          0x08009d2d   Thumb Code    18  stm32f10x_tim.o(.text)
    TIM_ClearOC2Ref                          0x08009d3f   Thumb Code    24  stm32f10x_tim.o(.text)
    TIM_ClearOC3Ref                          0x08009d57   Thumb Code    18  stm32f10x_tim.o(.text)
    TIM_ClearOC4Ref                          0x08009d69   Thumb Code    24  stm32f10x_tim.o(.text)
    TIM_OC1PolarityConfig                    0x08009d81   Thumb Code    18  stm32f10x_tim.o(.text)
    TIM_OC1NPolarityConfig                   0x08009d93   Thumb Code    18  stm32f10x_tim.o(.text)
    TIM_OC2PolarityConfig                    0x08009da5   Thumb Code    26  stm32f10x_tim.o(.text)
    TIM_OC2NPolarityConfig                   0x08009dbf   Thumb Code    26  stm32f10x_tim.o(.text)
    TIM_OC3PolarityConfig                    0x08009dd9   Thumb Code    26  stm32f10x_tim.o(.text)
    TIM_OC3NPolarityConfig                   0x08009df3   Thumb Code    26  stm32f10x_tim.o(.text)
    TIM_OC4PolarityConfig                    0x08009e0d   Thumb Code    26  stm32f10x_tim.o(.text)
    TIM_CCxCmd                               0x08009e27   Thumb Code    30  stm32f10x_tim.o(.text)
    TIM_CCxNCmd                              0x08009e45   Thumb Code    30  stm32f10x_tim.o(.text)
    TIM_SelectOCxM                           0x08009e63   Thumb Code    82  stm32f10x_tim.o(.text)
    TIM_UpdateDisableConfig                  0x08009eb5   Thumb Code    24  stm32f10x_tim.o(.text)
    TIM_UpdateRequestConfig                  0x08009ecd   Thumb Code    24  stm32f10x_tim.o(.text)
    TIM_SelectHallSensor                     0x08009ee5   Thumb Code    24  stm32f10x_tim.o(.text)
    TIM_SelectOnePulseMode                   0x08009efd   Thumb Code    18  stm32f10x_tim.o(.text)
    TIM_SelectOutputTrigger                  0x08009f0f   Thumb Code    18  stm32f10x_tim.o(.text)
    TIM_SelectSlaveMode                      0x08009f21   Thumb Code    18  stm32f10x_tim.o(.text)
    TIM_SelectMasterSlaveMode                0x08009f33   Thumb Code    18  stm32f10x_tim.o(.text)
    TIM_SetCounter                           0x08009f45   Thumb Code     4  stm32f10x_tim.o(.text)
    TIM_SetAutoreload                        0x08009f49   Thumb Code     4  stm32f10x_tim.o(.text)
    TIM_SetCompare1                          0x08009f4d   Thumb Code     4  stm32f10x_tim.o(.text)
    TIM_SetCompare2                          0x08009f51   Thumb Code     4  stm32f10x_tim.o(.text)
    TIM_SetCompare3                          0x08009f55   Thumb Code     4  stm32f10x_tim.o(.text)
    TIM_SetCompare4                          0x08009f59   Thumb Code     6  stm32f10x_tim.o(.text)
    TIM_SetClockDivision                     0x08009f5f   Thumb Code    18  stm32f10x_tim.o(.text)
    TIM_GetCapture1                          0x08009f71   Thumb Code     6  stm32f10x_tim.o(.text)
    TIM_GetCapture2                          0x08009f77   Thumb Code     6  stm32f10x_tim.o(.text)
    TIM_GetCapture3                          0x08009f7d   Thumb Code     6  stm32f10x_tim.o(.text)
    TIM_GetCapture4                          0x08009f83   Thumb Code     8  stm32f10x_tim.o(.text)
    TIM_GetCounter                           0x08009f8b   Thumb Code     6  stm32f10x_tim.o(.text)
    TIM_GetPrescaler                         0x08009f91   Thumb Code     6  stm32f10x_tim.o(.text)
    TIM_GetFlagStatus                        0x08009f97   Thumb Code    18  stm32f10x_tim.o(.text)
    TIM_ClearFlag                            0x08009fa9   Thumb Code     6  stm32f10x_tim.o(.text)
    TIM_GetITStatus                          0x08009faf   Thumb Code    34  stm32f10x_tim.o(.text)
    TIM_ClearITPendingBit                    0x08009fd1   Thumb Code     6  stm32f10x_tim.o(.text)
    USART_DeInit                             0x08009fd9   Thumb Code   134  stm32f10x_usart.o(.text)
    USART_Init                               0x0800a05f   Thumb Code   210  stm32f10x_usart.o(.text)
    USART_StructInit                         0x0800a131   Thumb Code    24  stm32f10x_usart.o(.text)
    USART_ClockInit                          0x0800a149   Thumb Code    34  stm32f10x_usart.o(.text)
    USART_ClockStructInit                    0x0800a16b   Thumb Code    12  stm32f10x_usart.o(.text)
    USART_Cmd                                0x0800a177   Thumb Code    24  stm32f10x_usart.o(.text)
    USART_ITConfig                           0x0800a18f   Thumb Code    74  stm32f10x_usart.o(.text)
    USART_DMACmd                             0x0800a1d9   Thumb Code    18  stm32f10x_usart.o(.text)
    USART_SetAddress                         0x0800a1eb   Thumb Code    18  stm32f10x_usart.o(.text)
    USART_WakeUpConfig                       0x0800a1fd   Thumb Code    18  stm32f10x_usart.o(.text)
    USART_ReceiverWakeUpCmd                  0x0800a20f   Thumb Code    24  stm32f10x_usart.o(.text)
    USART_LINBreakDetectLengthConfig         0x0800a227   Thumb Code    18  stm32f10x_usart.o(.text)
    USART_LINCmd                             0x0800a239   Thumb Code    24  stm32f10x_usart.o(.text)
    USART_SendData                           0x0800a251   Thumb Code     8  stm32f10x_usart.o(.text)
    USART_ReceiveData                        0x0800a259   Thumb Code    10  stm32f10x_usart.o(.text)
    USART_SendBreak                          0x0800a263   Thumb Code    10  stm32f10x_usart.o(.text)
    USART_SetGuardTime                       0x0800a26d   Thumb Code    16  stm32f10x_usart.o(.text)
    USART_SetPrescaler                       0x0800a27d   Thumb Code    16  stm32f10x_usart.o(.text)
    USART_SmartCardCmd                       0x0800a28d   Thumb Code    24  stm32f10x_usart.o(.text)
    USART_SmartCardNACKCmd                   0x0800a2a5   Thumb Code    24  stm32f10x_usart.o(.text)
    USART_HalfDuplexCmd                      0x0800a2bd   Thumb Code    24  stm32f10x_usart.o(.text)
    USART_OverSampling8Cmd                   0x0800a2d5   Thumb Code    22  stm32f10x_usart.o(.text)
    USART_OneBitMethodCmd                    0x0800a2eb   Thumb Code    24  stm32f10x_usart.o(.text)
    USART_IrDAConfig                         0x0800a303   Thumb Code    18  stm32f10x_usart.o(.text)
    USART_IrDACmd                            0x0800a315   Thumb Code    24  stm32f10x_usart.o(.text)
    USART_GetFlagStatus                      0x0800a32d   Thumb Code    26  stm32f10x_usart.o(.text)
    USART_ClearFlag                          0x0800a347   Thumb Code    18  stm32f10x_usart.o(.text)
    USART_GetITStatus                        0x0800a359   Thumb Code    84  stm32f10x_usart.o(.text)
    USART_ClearITPendingBit                  0x0800a3ad   Thumb Code    52  stm32f10x_usart.o(.text)
    ADC_DeInit                               0x0800a3e1   Thumb Code    78  stm32f10x_adc.o(.text)
    ADC_Init                                 0x0800a42f   Thumb Code    70  stm32f10x_adc.o(.text)
    ADC_StructInit                           0x0800a475   Thumb Code    18  stm32f10x_adc.o(.text)
    ADC_Cmd                                  0x0800a487   Thumb Code    22  stm32f10x_adc.o(.text)
    ADC_DMACmd                               0x0800a49d   Thumb Code    22  stm32f10x_adc.o(.text)
    ADC_ITConfig                             0x0800a4b3   Thumb Code    24  stm32f10x_adc.o(.text)
    ADC_ResetCalibration                     0x0800a4cb   Thumb Code    10  stm32f10x_adc.o(.text)
    ADC_GetResetCalibrationStatus            0x0800a4d5   Thumb Code    20  stm32f10x_adc.o(.text)
    ADC_StartCalibration                     0x0800a4e9   Thumb Code    10  stm32f10x_adc.o(.text)
    ADC_GetCalibrationStatus                 0x0800a4f3   Thumb Code    20  stm32f10x_adc.o(.text)
    ADC_SoftwareStartConvCmd                 0x0800a507   Thumb Code    22  stm32f10x_adc.o(.text)
    ADC_GetSoftwareStartConvStatus           0x0800a51d   Thumb Code    20  stm32f10x_adc.o(.text)
    ADC_DiscModeChannelCountConfig           0x0800a531   Thumb Code    24  stm32f10x_adc.o(.text)
    ADC_DiscModeCmd                          0x0800a549   Thumb Code    22  stm32f10x_adc.o(.text)
    ADC_RegularChannelConfig                 0x0800a55f   Thumb Code   184  stm32f10x_adc.o(.text)
    ADC_ExternalTrigConvCmd                  0x0800a617   Thumb Code    22  stm32f10x_adc.o(.text)
    ADC_GetConversionValue                   0x0800a62d   Thumb Code     8  stm32f10x_adc.o(.text)
    ADC_GetDualModeConversionValue           0x0800a635   Thumb Code     8  stm32f10x_adc.o(.text)
    ADC_AutoInjectedConvCmd                  0x0800a63d   Thumb Code    22  stm32f10x_adc.o(.text)
    ADC_InjectedDiscModeCmd                  0x0800a653   Thumb Code    22  stm32f10x_adc.o(.text)
    ADC_ExternalTrigInjectedConvConfig       0x0800a669   Thumb Code    16  stm32f10x_adc.o(.text)
    ADC_ExternalTrigInjectedConvCmd          0x0800a679   Thumb Code    22  stm32f10x_adc.o(.text)
    ADC_SoftwareStartInjectedConvCmd         0x0800a68f   Thumb Code    22  stm32f10x_adc.o(.text)
    ADC_GetSoftwareStartInjectedConvCmdStatus 0x0800a6a5   Thumb Code    20  stm32f10x_adc.o(.text)
    ADC_InjectedChannelConfig                0x0800a6b9   Thumb Code   130  stm32f10x_adc.o(.text)
    ADC_InjectedSequencerLengthConfig        0x0800a73b   Thumb Code    24  stm32f10x_adc.o(.text)
    ADC_SetInjectedOffset                    0x0800a753   Thumb Code    20  stm32f10x_adc.o(.text)
    ADC_GetInjectedConversionValue           0x0800a767   Thumb Code    28  stm32f10x_adc.o(.text)
    ADC_AnalogWatchdogCmd                    0x0800a783   Thumb Code    16  stm32f10x_adc.o(.text)
    ADC_AnalogWatchdogThresholdsConfig       0x0800a793   Thumb Code     6  stm32f10x_adc.o(.text)
    ADC_AnalogWatchdogSingleChannelConfig    0x0800a799   Thumb Code    16  stm32f10x_adc.o(.text)
    ADC_TempSensorVrefintCmd                 0x0800a7a9   Thumb Code    64  stm32f10x_adc.o(.text)
    ADC_GetFlagStatus                        0x0800a7e9   Thumb Code    18  stm32f10x_adc.o(.text)
    ADC_ClearFlag                            0x0800a7fb   Thumb Code     6  stm32f10x_adc.o(.text)
    ADC_GetITStatus                          0x0800a801   Thumb Code    36  stm32f10x_adc.o(.text)
    ADC_ClearITPendingBit                    0x0800a825   Thumb Code    10  stm32f10x_adc.o(.text)
    DMA_DeInit                               0x0800a831   Thumb Code   324  stm32f10x_dma.o(.text)
    DMA_Init                                 0x0800a975   Thumb Code    60  stm32f10x_dma.o(.text)
    DMA_StructInit                           0x0800a9b1   Thumb Code    26  stm32f10x_dma.o(.text)
    DMA_Cmd                                  0x0800a9cb   Thumb Code    24  stm32f10x_dma.o(.text)
    DMA_ITConfig                             0x0800a9e3   Thumb Code    18  stm32f10x_dma.o(.text)
    DMA_SetCurrDataCounter                   0x0800a9f5   Thumb Code     4  stm32f10x_dma.o(.text)
    DMA_GetCurrDataCounter                   0x0800a9f9   Thumb Code     8  stm32f10x_dma.o(.text)
    DMA_GetFlagStatus                        0x0800aa01   Thumb Code    40  stm32f10x_dma.o(.text)
    DMA_ClearFlag                            0x0800aa29   Thumb Code    22  stm32f10x_dma.o(.text)
    DMA_GetITStatus                          0x0800aa3f   Thumb Code    40  stm32f10x_dma.o(.text)
    DMA_ClearITPendingBit                    0x0800aa67   Thumb Code    22  stm32f10x_dma.o(.text)
    qsort                                    0x0800aa85   Thumb Code   156  qsort.o(.text)
    __aeabi_memcpy                           0x0800ab21   Thumb Code    36  memcpya.o(.text)
    __aeabi_memcpy4                          0x0800ab21   Thumb Code     0  memcpya.o(.text)
    __aeabi_memcpy8                          0x0800ab21   Thumb Code     0  memcpya.o(.text)
    __aeabi_memset                           0x0800ab45   Thumb Code    14  memseta.o(.text)
    __aeabi_memset4                          0x0800ab45   Thumb Code     0  memseta.o(.text)
    __aeabi_memset8                          0x0800ab45   Thumb Code     0  memseta.o(.text)
    __aeabi_memclr                           0x0800ab53   Thumb Code     4  memseta.o(.text)
    __aeabi_memclr4                          0x0800ab53   Thumb Code     0  memseta.o(.text)
    __aeabi_memclr8                          0x0800ab53   Thumb Code     0  memseta.o(.text)
    _memset$wrapper                          0x0800ab57   Thumb Code    18  memseta.o(.text)
    memcmp                                   0x0800ab69   Thumb Code    26  memcmp.o(.text)
    strtok                                   0x0800ab85   Thumb Code    62  strtok.o(.text)
    __aeabi_dadd                             0x0800abc9   Thumb Code   322  dadd.o(.text)
    __aeabi_dsub                             0x0800ad0b   Thumb Code     6  dadd.o(.text)
    __aeabi_drsub                            0x0800ad11   Thumb Code     6  dadd.o(.text)
    __aeabi_dmul                             0x0800ad17   Thumb Code   228  dmul.o(.text)
    __aeabi_ddiv                             0x0800adfb   Thumb Code   222  ddiv.o(.text)
    __aeabi_i2f                              0x0800aed9   Thumb Code    18  fflti.o(.text)
    __aeabi_ui2f                             0x0800aeeb   Thumb Code    10  ffltui.o(.text)
    __aeabi_i2d                              0x0800aef5   Thumb Code    34  dflti.o(.text)
    __aeabi_ui2d                             0x0800af17   Thumb Code    26  dfltui.o(.text)
    __aeabi_d2iz                             0x0800af31   Thumb Code    62  dfixi.o(.text)
    __aeabi_d2uiz                            0x0800af6f   Thumb Code    50  dfixui.o(.text)
    __aeabi_f2d                              0x0800afa1   Thumb Code    38  f2d.o(.text)
    __aeabi_cdcmpeq                          0x0800afc9   Thumb Code     0  cdcmple.o(.text)
    __aeabi_cdcmple                          0x0800afc9   Thumb Code    48  cdcmple.o(.text)
    __aeabi_cdrcmple                         0x0800aff9   Thumb Code    48  cdrcmple.o(.text)
    __aeabi_d2f                              0x0800b029   Thumb Code    56  d2f.o(.text)
    __aeabi_cfcmpeq                          0x0800b061   Thumb Code     0  cfcmple.o(.text)
    __aeabi_cfcmple                          0x0800b061   Thumb Code    20  cfcmple.o(.text)
    __aeabi_cfrcmple                         0x0800b075   Thumb Code    20  cfrcmple.o(.text)
    __aeabi_uidiv                            0x0800b089   Thumb Code     0  uidiv.o(.text)
    __aeabi_uidivmod                         0x0800b089   Thumb Code    44  uidiv.o(.text)
    __aeabi_uldivmod                         0x0800b0b5   Thumb Code    98  uldiv.o(.text)
    __aeabi_llsl                             0x0800b117   Thumb Code    30  llshl.o(.text)
    _ll_shift_l                              0x0800b117   Thumb Code     0  llshl.o(.text)
    __aeabi_llsr                             0x0800b135   Thumb Code    32  llushr.o(.text)
    _ll_ushift_r                             0x0800b135   Thumb Code     0  llushr.o(.text)
    __aeabi_lasr                             0x0800b155   Thumb Code    36  llsshr.o(.text)
    _ll_sshift_r                             0x0800b155   Thumb Code     0  llsshr.o(.text)
    __strtod_int                             0x0800b1af   Thumb Code    90  strtod.o(.text)
    __I$use$fp                               0x0800b215   Thumb Code     0  iusefp.o(.text)
    _float_round                             0x0800b215   Thumb Code    18  fepilogue.o(.text)
    _float_epilogue                          0x0800b227   Thumb Code    92  fepilogue.o(.text)
    __aeabi_fadd                             0x0800b283   Thumb Code   164  fadd.o(.text)
    __aeabi_fsub                             0x0800b327   Thumb Code     6  fadd.o(.text)
    __aeabi_frsub                            0x0800b32d   Thumb Code     6  fadd.o(.text)
    __aeabi_fmul                             0x0800b333   Thumb Code   100  fmul.o(.text)
    __aeabi_fdiv                             0x0800b397   Thumb Code   124  fdiv.o(.text)
    _double_round                            0x0800b413   Thumb Code    30  depilogue.o(.text)
    _double_epilogue                         0x0800b431   Thumb Code   156  depilogue.o(.text)
    __ARM_scalbn                             0x0800b4cd   Thumb Code    46  dscalb.o(.text)
    scalbn                                   0x0800b4cd   Thumb Code     0  dscalb.o(.text)
    _dsqrt                                   0x0800b4fb   Thumb Code   162  dsqrt.o(.text)
    __aeabi_d2ulz                            0x0800b59d   Thumb Code    48  dfixul.o(.text)
    __scatterload                            0x0800b5cd   Thumb Code    28  init.o(.text)
    __scatterload_rt2                        0x0800b5cd   Thumb Code     0  init.o(.text)
    isspace                                  0x0800b5f1   Thumb Code    10  isspace_c.o(.text)
    _scanf_real                              0x0800b725   Thumb Code     0  scanf_fp.o(.text)
    _scanf_really_real                       0x0800b725   Thumb Code   556  scanf_fp.o(.text)
    _sgetc                                   0x0800b95d   Thumb Code    30  _sgetc.o(.text)
    _sbackspace                              0x0800b97b   Thumb Code    34  _sgetc.o(.text)
    __ARM_scalbnf                            0x0800b99d   Thumb Code    24  fscalb.o(.text)
    scalbnf                                  0x0800b99d   Thumb Code     0  fscalb.o(.text)
    __ctype_lookup                           0x0800b9b5   Thumb Code    34  ctype_c.o(.text)
    __aeabi_ul2d                             0x0800b9dd   Thumb Code    24  dfltul.o(.text)
    __decompress                             0x0800b9f5   Thumb Code     0  __dczerorl2.o(.text)
    __decompress1                            0x0800b9f5   Thumb Code    86  __dczerorl2.o(.text)
    _IQ15toF                                 0x0800ba4d   Thumb Code     0  IQNtoF.o(_IQ15toF)
    __0printf                                0x0800ba71   Thumb Code    22  printfa.o(i.__0printf)
    __1printf                                0x0800ba71   Thumb Code     0  printfa.o(i.__0printf)
    __2printf                                0x0800ba71   Thumb Code     0  printfa.o(i.__0printf)
    __c89printf                              0x0800ba71   Thumb Code     0  printfa.o(i.__0printf)
    printf                                   0x0800ba71   Thumb Code     0  printfa.o(i.__0printf)
    __0sprintf                               0x0800ba91   Thumb Code    34  printfa.o(i.__0sprintf)
    __1sprintf                               0x0800ba91   Thumb Code     0  printfa.o(i.__0sprintf)
    __2sprintf                               0x0800ba91   Thumb Code     0  printfa.o(i.__0sprintf)
    __c89sprintf                             0x0800ba91   Thumb Code     0  printfa.o(i.__0sprintf)
    sprintf                                  0x0800ba91   Thumb Code     0  printfa.o(i.__0sprintf)
    __ARM_fpclassify                         0x0800bab9   Thumb Code    40  fpclassify.o(i.__ARM_fpclassify)
    __ARM_fpclassifyf                        0x0800bae1   Thumb Code    38  fpclassifyf.o(i.__ARM_fpclassifyf)
    __ieee754_rem_pio2                       0x0800bb09   Thumb Code   828  rred.o(i.__ieee754_rem_pio2)
    __kernel_cos                             0x0800be91   Thumb Code   230  cos_i.o(i.__kernel_cos)
    __kernel_poly                            0x0800bf8d   Thumb Code   170  poly.o(i.__kernel_poly)
    __kernel_sin                             0x0800c039   Thumb Code   224  sin_i.o(i.__kernel_sin)
    __mathlib_dbl_infnan                     0x0800c125   Thumb Code     6  dunder.o(i.__mathlib_dbl_infnan)
    __mathlib_dbl_invalid                    0x0800c12b   Thumb Code    12  dunder.o(i.__mathlib_dbl_invalid)
    __mathlib_dbl_underflow                  0x0800c139   Thumb Code    10  dunder.o(i.__mathlib_dbl_underflow)
    __mathlib_flt_infnan2                    0x0800c149   Thumb Code     4  funder.o(i.__mathlib_flt_infnan2)
    __mathlib_flt_underflow                  0x0800c14d   Thumb Code    10  funder.o(i.__mathlib_flt_underflow)
    __scatterload_copy                       0x0800c157   Thumb Code    14  handlers.o(i.__scatterload_copy)
    __scatterload_null                       0x0800c165   Thumb Code     2  handlers.o(i.__scatterload_null)
    __scatterload_zeroinit                   0x0800c167   Thumb Code    14  handlers.o(i.__scatterload_zeroinit)
    __set_errno                              0x0800c175   Thumb Code     6  errno.o(i.__set_errno)
    _is_digit                                0x0800c305   Thumb Code    14  scanf_fp.o(i._is_digit)
    atan                                     0x0800ca4d   Thumb Code   474  atan.o(i.atan)
    atan2f                                   0x0800cc6d   Thumb Code   528  atan2f.o(i.atan2f)
    cos                                      0x0800cec9   Thumb Code   148  cos.o(i.cos)
    sin                                      0x0800cf65   Thumb Code   150  sin.o(i.sin)
    sqrt                                     0x0800d005   Thumb Code    76  sqrt.o(i.sqrt)
    strtod                                   0x0800d051   Thumb Code    28  strtod.o(i.strtod)
    TEXT_TO_SEND                             0x0800d06c   Data          37  main.o(.constdata)
    parameter_identify_ConstP                0x0800d0a0   Data          72  parameter_identify_data.o(.constdata)
    FluxObserver_M                           0x0800d0e8   Data           4  fluxobserver.o(.constdata)
    filter_ConstP                            0x0800d0f0   Data          48  filter_data.o(.constdata)
    __ctype_categories                       0x0800d2d8   Data          64  ctype_c.o(.constdata)
    Region$$Table$$Base                      0x0800d318   Number         0  anon$$obj.o(Region$$Table)
    Region$$Table$$Limit                     0x0800d338   Number         0  anon$$obj.o(Region$$Table)
    voltage_source                           0x20000000   Data           4  main.o(.data)
    PWM_T                                    0x20000004   Data           4  main.o(.data)
    phase_dif                                0x20000008   Data           8  main.o(.data)
    angel                                    0x20000010   Data           8  main.o(.data)
    method                                   0x20000018   Data           4  main.o(.data)
    delaytime                                0x2000001c   Data           4  main.o(.data)
    voltage_amp                              0x20000020   Data           4  main.o(.data)
    phase                                    0x20000028   Data           8  main.o(.data)
    last_phase                               0x20000030   Data           8  main.o(.data)
    get_hall                                 0x20000038   Data           4  main.o(.data)
    get_cur                                  0x2000003c   Data           4  main.o(.data)
    hall1                                    0x20000040   Data           8  main.o(.data)
    hall2                                    0x20000048   Data           8  main.o(.data)
    current_1                                0x20000050   Data           8  main.o(.data)
    current_2                                0x20000058   Data           8  main.o(.data)
    current_3                                0x20000060   Data           8  main.o(.data)
    current_4                                0x20000068   Data           8  main.o(.data)
    ialphi                                   0x20000070   Data           8  main.o(.data)
    ibeta                                    0x20000078   Data           8  main.o(.data)
    id                                       0x20000080   Data           8  main.o(.data)
    iq                                       0x20000088   Data           8  main.o(.data)
    ualphi                                   0x20000090   Data           8  main.o(.data)
    ubeta                                    0x20000098   Data           8  main.o(.data)
    ud                                       0x200000a0   Data           8  main.o(.data)
    uq                                       0x200000a8   Data           8  main.o(.data)
    runTime                                  0x200000b0   Data           8  main.o(.data)
    start                                    0x200000b8   Data           4  main.o(.data)
    position                                 0x200000c0   Data           8  main.o(.data)
    speed                                    0x200000d0   Data           8  main.o(.data)
    last_speed                               0x200000d8   Data           8  main.o(.data)
    speed_filter                             0x200000e0   Data           8  main.o(.data)
    last_speed_filter                        0x200000e8   Data           8  main.o(.data)
    acceleration                             0x200000f0   Data           8  main.o(.data)
    acceleration_filter                      0x200000f8   Data           8  main.o(.data)
    force_e                                  0x20000100   Data           8  main.o(.data)
    force_contact                            0x20000108   Data           8  main.o(.data)
    T                                        0x20000110   Data           8  main.o(.data)
    current                                  0x20000118   Data           8  main.o(.data)
    current226                               0x20000120   Data           8  main.o(.data)
    kp_current                               0x20000128   Data           8  main.o(.data)
    ki_current                               0x20000130   Data           8  main.o(.data)
    kd_current                               0x20000138   Data           8  main.o(.data)
    PID_value                                0x20000140   Data           8  main.o(.data)
    PID_value_Q                              0x20000148   Data           8  main.o(.data)
    PID_value_D                              0x20000150   Data           8  main.o(.data)
    PID_value_force                          0x20000158   Data           8  main.o(.data)
    light_ruler_position                     0x20000160   Data           8  main.o(.data)
    light_ruler_phase                        0x20000168   Data           8  main.o(.data)
    light_ruler_count                        0x20000170   Data           4  main.o(.data)
    R_add                                    0x20000178   Data           8  main.o(.data)
    L_add                                    0x20000180   Data           8  main.o(.data)
    Ke_add                                   0x20000188   Data           8  main.o(.data)
    c_start                                  0x20000190   Data           4  main.o(.data)
    SystemCoreClock                          0x20000430   Data           4  system_stm32f10x.o(.data)
    AHBPrescTable                            0x20000434   Data          16  system_stm32f10x.o(.data)
    filter_U                                 0x20000448   Data           8  filter.o(.data)
    FluxObserver_B                           0x20000458   Data           8  fluxobserver.o(.data)
    FluxObserver_PrevZCX                     0x20000460   Data           2  fluxobserver.o(.data)
    rtInf                                    0x20000470   Data           8  rt_nonfinite.o(.data)
    rtMinusInf                               0x20000478   Data           8  rt_nonfinite.o(.data)
    rtNaN                                    0x20000480   Data           8  rt_nonfinite.o(.data)
    rtInfF                                   0x20000488   Data           4  rt_nonfinite.o(.data)
    rtMinusInfF                              0x2000048c   Data           4  rt_nonfinite.o(.data)
    rtNaNF                                   0x20000490   Data           4  rt_nonfinite.o(.data)
    DMA1_MEM_LEN                             0x20000494   Data           2  dma.o(.data)
    __stdout                                 0x2000049c   Data           4  usart.o(.data)
    USART_RX_STA                             0x200004a0   Data           2  usart.o(.data)
    SendBuff                                 0x200004c0   Data         100  main.o(.bss)
    filter_DW                                0x20000558   Data          88  filter.o(.bss)
    filter_Y                                 0x200005b0   Data          16  filter.o(.bss)
    parameter_identify_DW                    0x200005c0   Data         456  parameter_identify.o(.bss)
    parameter_identify_U                     0x20000788   Data          40  parameter_identify.o(.bss)
    parameter_identify_Y                     0x200007b0   Data          48  parameter_identify.o(.bss)
    FluxObserver_DW                          0x200007e0   Data          32  fluxobserver.o(.bss)
    FluxObserver_U                           0x20000800   Data          32  fluxobserver.o(.bss)
    FluxObserver_Y                           0x20000820   Data          12  fluxobserver.o(.bss)
    SMO_DW                                   0x20000830   Data          16  smo.o(.bss)
    SMO_U                                    0x20000840   Data          40  smo.o(.bss)
    SMO_Y                                    0x20000868   Data          16  smo.o(.bss)
    DMA_InitStructure                        0x20000878   Data          44  dma.o(.bss)
    USART_RX_BUF                             0x200008a4   Data         200  usart.o(.bss)
    __initial_sp                             0x20002970   Data           0  startup_stm32f10x_hd.o(STACK)



==============================================================================

Memory Map of the image

  Image Entry point : 0x08000131

  Load Region LR_IROM1 (Base: 0x08000000, Size: 0x0000d7f8, Max: 0x00080000, ABSOLUTE, COMPRESSED[0x0000d3e8])

    Execution Region ER_IROM1 (Exec base: 0x08000000, Load base: 0x08000000, Size: 0x0000d338, Max: 0x00080000, ABSOLUTE)

    Exec Addr    Load Addr    Size         Type   Attr      Idx    E Section Name        Object

    0x08000000   0x08000000   0x00000130   Data   RO          672    RESET               startup_stm32f10x_hd.o
    0x08000130   0x08000130   0x00000000   Code   RO          911  * .ARM.Collect$$$$00000000  mc_w.l(entry.o)
    0x08000130   0x08000130   0x00000004   Code   RO         1271    .ARM.Collect$$$$00000001  mc_w.l(entry2.o)
    0x08000134   0x08000134   0x00000004   Code   RO         1274    .ARM.Collect$$$$00000004  mc_w.l(entry5.o)
    0x08000138   0x08000138   0x00000000   Code   RO         1276    .ARM.Collect$$$$00000008  mc_w.l(entry7b.o)
    0x08000138   0x08000138   0x00000000   Code   RO         1278    .ARM.Collect$$$$0000000A  mc_w.l(entry8b.o)
    0x08000138   0x08000138   0x00000008   Code   RO         1279    .ARM.Collect$$$$0000000B  mc_w.l(entry9a.o)
    0x08000140   0x08000140   0x00000000   Code   RO         1281    .ARM.Collect$$$$0000000D  mc_w.l(entry10a.o)
    0x08000140   0x08000140   0x00000000   Code   RO         1283    .ARM.Collect$$$$0000000F  mc_w.l(entry11a.o)
    0x08000140   0x08000140   0x00000004   Code   RO         1272    .ARM.Collect$$$$00002712  mc_w.l(entry2.o)
    0x08000144   0x08000144   0x00004808   Code   RO            1    .text               main.o
    0x0800494c   0x0800494c   0x0000001a   Code   RO          210    .text               stm32f10x_it.o
    0x08004966   0x08004966   0x00000002   PAD
    0x08004968   0x08004968   0x000001e0   Code   RO          251    .text               system_stm32f10x.o
    0x08004b48   0x08004b48   0x000002c8   Code   RO          294    .text               timer.o
    0x08004e10   0x08004e10   0x00000104   Code   RO          306    .text               adc.o
    0x08004f14   0x08004f14   0x000006b8   Code   RO          340    .text               park.o
    0x080055cc   0x080055cc   0x000005aa   Code   RO          352    .text               ina3221.o
    0x08005b76   0x08005b76   0x00000002   PAD
    0x08005b78   0x08005b78   0x00000148   Code   RO          364    .text               filter.o
    0x08005cc0   0x08005cc0   0x00001cf8   Code   RO          388    .text               parameter_identify.o
    0x080079b8   0x080079b8   0x000003d8   Code   RO          434    .text               fluxobserver.o
    0x08007d90   0x08007d90   0x00000110   Code   RO          476    .text               rt_nonfinite.o
    0x08007ea0   0x08007ea0   0x00000088   Code   RO          497    .text               rtgetinf.o
    0x08007f28   0x08007f28   0x00000048   Code   RO          509    .text               rtgetnan.o
    0x08007f70   0x08007f70   0x00000254   Code   RO          521    .text               smo.o
    0x080081c4   0x080081c4   0x00000566   Code   RO          547    .text               ina3221_2.o
    0x0800872a   0x0800872a   0x00000002   PAD
    0x0800872c   0x0800872c   0x0000007c   Code   RO          575    .text               dma.o
    0x080087a8   0x080087a8   0x000000d4   Code   RO          594    .text               delay.o
    0x0800887c   0x0800887c   0x00000140   Code   RO          625    .text               usart.o
    0x080089bc   0x080089bc   0x00000024   Code   RO          673    .text               startup_stm32f10x_hd.o
    0x080089e0   0x080089e0   0x000000dc   Code   RO          677    .text               misc.o
    0x08008abc   0x08008abc   0x0000035c   Code   RO          689    .text               stm32f10x_gpio.o
    0x08008e18   0x08008e18   0x000003a4   Code   RO          701    .text               stm32f10x_rcc.o
    0x080091bc   0x080091bc   0x00000e1a   Code   RO          715    .text               stm32f10x_tim.o
    0x08009fd6   0x08009fd6   0x00000002   PAD
    0x08009fd8   0x08009fd8   0x00000408   Code   RO          727    .text               stm32f10x_usart.o
    0x0800a3e0   0x0800a3e0   0x0000044e   Code   RO          739    .text               stm32f10x_adc.o
    0x0800a82e   0x0800a82e   0x00000002   PAD
    0x0800a830   0x0800a830   0x00000254   Code   RO          763    .text               stm32f10x_dma.o
    0x0800aa84   0x0800aa84   0x0000009c   Code   RO          914    .text               mc_w.l(qsort.o)
    0x0800ab20   0x0800ab20   0x00000024   Code   RO          918    .text               mc_w.l(memcpya.o)
    0x0800ab44   0x0800ab44   0x00000024   Code   RO          920    .text               mc_w.l(memseta.o)
    0x0800ab68   0x0800ab68   0x0000001a   Code   RO          922    .text               mc_w.l(memcmp.o)
    0x0800ab82   0x0800ab82   0x00000002   PAD
    0x0800ab84   0x0800ab84   0x00000044   Code   RO          924    .text               mc_w.l(strtok.o)
    0x0800abc8   0x0800abc8   0x0000014e   Code   RO         1193    .text               mf_w.l(dadd.o)
    0x0800ad16   0x0800ad16   0x000000e4   Code   RO         1195    .text               mf_w.l(dmul.o)
    0x0800adfa   0x0800adfa   0x000000de   Code   RO         1197    .text               mf_w.l(ddiv.o)
    0x0800aed8   0x0800aed8   0x00000012   Code   RO         1199    .text               mf_w.l(fflti.o)
    0x0800aeea   0x0800aeea   0x0000000a   Code   RO         1201    .text               mf_w.l(ffltui.o)
    0x0800aef4   0x0800aef4   0x00000022   Code   RO         1203    .text               mf_w.l(dflti.o)
    0x0800af16   0x0800af16   0x0000001a   Code   RO         1205    .text               mf_w.l(dfltui.o)
    0x0800af30   0x0800af30   0x0000003e   Code   RO         1207    .text               mf_w.l(dfixi.o)
    0x0800af6e   0x0800af6e   0x00000032   Code   RO         1209    .text               mf_w.l(dfixui.o)
    0x0800afa0   0x0800afa0   0x00000026   Code   RO         1211    .text               mf_w.l(f2d.o)
    0x0800afc6   0x0800afc6   0x00000002   PAD
    0x0800afc8   0x0800afc8   0x00000030   Code   RO         1213    .text               mf_w.l(cdcmple.o)
    0x0800aff8   0x0800aff8   0x00000030   Code   RO         1215    .text               mf_w.l(cdrcmple.o)
    0x0800b028   0x0800b028   0x00000038   Code   RO         1217    .text               mf_w.l(d2f.o)
    0x0800b060   0x0800b060   0x00000014   Code   RO         1219    .text               mf_w.l(cfcmple.o)
    0x0800b074   0x0800b074   0x00000014   Code   RO         1221    .text               mf_w.l(cfrcmple.o)
    0x0800b088   0x0800b088   0x0000002c   Code   RO         1285    .text               mc_w.l(uidiv.o)
    0x0800b0b4   0x0800b0b4   0x00000062   Code   RO         1287    .text               mc_w.l(uldiv.o)
    0x0800b116   0x0800b116   0x0000001e   Code   RO         1289    .text               mc_w.l(llshl.o)
    0x0800b134   0x0800b134   0x00000020   Code   RO         1291    .text               mc_w.l(llushr.o)
    0x0800b154   0x0800b154   0x00000024   Code   RO         1293    .text               mc_w.l(llsshr.o)
    0x0800b178   0x0800b178   0x0000009c   Code   RO         1302    .text               mc_w.l(strtod.o)
    0x0800b214   0x0800b214   0x00000000   Code   RO         1304    .text               mc_w.l(iusefp.o)
    0x0800b214   0x0800b214   0x0000006e   Code   RO         1305    .text               mf_w.l(fepilogue.o)
    0x0800b282   0x0800b282   0x000000b0   Code   RO         1307    .text               mf_w.l(fadd.o)
    0x0800b332   0x0800b332   0x00000064   Code   RO         1309    .text               mf_w.l(fmul.o)
    0x0800b396   0x0800b396   0x0000007c   Code   RO         1311    .text               mf_w.l(fdiv.o)
    0x0800b412   0x0800b412   0x000000ba   Code   RO         1313    .text               mf_w.l(depilogue.o)
    0x0800b4cc   0x0800b4cc   0x0000002e   Code   RO         1315    .text               mf_w.l(dscalb.o)
    0x0800b4fa   0x0800b4fa   0x000000a2   Code   RO         1317    .text               mf_w.l(dsqrt.o)
    0x0800b59c   0x0800b59c   0x00000030   Code   RO         1319    .text               mf_w.l(dfixul.o)
    0x0800b5cc   0x0800b5cc   0x00000024   Code   RO         1321    .text               mc_w.l(init.o)
    0x0800b5f0   0x0800b5f0   0x0000000a   Code   RO         1323    .text               mc_w.l(isspace_c.o)
    0x0800b5fa   0x0800b5fa   0x00000002   PAD
    0x0800b5fc   0x0800b5fc   0x00000360   Code   RO         1325    .text               mc_w.l(scanf_fp.o)
    0x0800b95c   0x0800b95c   0x00000040   Code   RO         1329    .text               mc_w.l(_sgetc.o)
    0x0800b99c   0x0800b99c   0x00000018   Code   RO         1331    .text               mf_w.l(fscalb.o)
    0x0800b9b4   0x0800b9b4   0x00000028   Code   RO         1333    .text               mc_w.l(ctype_c.o)
    0x0800b9dc   0x0800b9dc   0x00000018   Code   RO         1336    .text               mf_w.l(dfltul.o)
    0x0800b9f4   0x0800b9f4   0x00000056   Code   RO         1346    .text               mc_w.l(__dczerorl2.o)
    0x0800ba4a   0x0800ba4a   0x00000002   PAD
    0x0800ba4c   0x0800ba4c   0x00000024   Code   RO          789    _IQ15toF            IQmathLib-cm3.lib(IQNtoF.o)
    0x0800ba70   0x0800ba70   0x00000020   Code   RO         1165    i.__0printf         mc_w.l(printfa.o)
    0x0800ba90   0x0800ba90   0x00000028   Code   RO         1167    i.__0sprintf        mc_w.l(printfa.o)
    0x0800bab8   0x0800bab8   0x00000028   Code   RO         1240    i.__ARM_fpclassify  m_ws.l(fpclassify.o)
    0x0800bae0   0x0800bae0   0x00000026   Code   RO         1242    i.__ARM_fpclassifyf  m_ws.l(fpclassifyf.o)
    0x0800bb06   0x0800bb06   0x00000002   PAD
    0x0800bb08   0x0800bb08   0x00000388   Code   RO         1260    i.__ieee754_rem_pio2  m_ws.l(rred.o)
    0x0800be90   0x0800be90   0x000000fc   Code   RO         1223    i.__kernel_cos      m_ws.l(cos_i.o)
    0x0800bf8c   0x0800bf8c   0x000000aa   Code   RO         1258    i.__kernel_poly     m_ws.l(poly.o)
    0x0800c036   0x0800c036   0x00000002   PAD
    0x0800c038   0x0800c038   0x000000ec   Code   RO         1265    i.__kernel_sin      m_ws.l(sin_i.o)
    0x0800c124   0x0800c124   0x00000006   Code   RO         1227    i.__mathlib_dbl_infnan  m_ws.l(dunder.o)
    0x0800c12a   0x0800c12a   0x0000000c   Code   RO         1229    i.__mathlib_dbl_invalid  m_ws.l(dunder.o)
    0x0800c136   0x0800c136   0x00000002   PAD
    0x0800c138   0x0800c138   0x00000010   Code   RO         1232    i.__mathlib_dbl_underflow  m_ws.l(dunder.o)
    0x0800c148   0x0800c148   0x00000004   Code   RO         1246    i.__mathlib_flt_infnan2  m_ws.l(funder.o)
    0x0800c14c   0x0800c14c   0x0000000a   Code   RO         1250    i.__mathlib_flt_underflow  m_ws.l(funder.o)
    0x0800c156   0x0800c156   0x0000000e   Code   RO         1340    i.__scatterload_copy  mc_w.l(handlers.o)
    0x0800c164   0x0800c164   0x00000002   Code   RO         1341    i.__scatterload_null  mc_w.l(handlers.o)
    0x0800c166   0x0800c166   0x0000000e   Code   RO         1342    i.__scatterload_zeroinit  mc_w.l(handlers.o)
    0x0800c174   0x0800c174   0x0000000c   Code   RO         1297    i.__set_errno       mc_w.l(errno.o)
    0x0800c180   0x0800c180   0x00000184   Code   RO         1172    i._fp_digits        mc_w.l(printfa.o)
    0x0800c304   0x0800c304   0x0000000e   Code   RO         1327    i._is_digit         mc_w.l(scanf_fp.o)
    0x0800c312   0x0800c312   0x00000002   PAD
    0x0800c314   0x0800c314   0x000006dc   Code   RO         1173    i._printf_core      mc_w.l(printfa.o)
    0x0800c9f0   0x0800c9f0   0x00000024   Code   RO         1174    i._printf_post_padding  mc_w.l(printfa.o)
    0x0800ca14   0x0800ca14   0x0000002e   Code   RO         1175    i._printf_pre_padding  mc_w.l(printfa.o)
    0x0800ca42   0x0800ca42   0x0000000a   Code   RO         1177    i._sputc            mc_w.l(printfa.o)
    0x0800ca4c   0x0800ca4c   0x00000220   Code   RO          866    i.atan              m_ws.l(atan.o)
    0x0800cc6c   0x0800cc6c   0x0000025c   Code   RO          876    i.atan2f            m_ws.l(atan2f.o)
    0x0800cec8   0x0800cec8   0x0000009c   Code   RO          884    i.cos               m_ws.l(cos.o)
    0x0800cf64   0x0800cf64   0x000000a0   Code   RO          892    i.sin               m_ws.l(sin.o)
    0x0800d004   0x0800d004   0x0000004c   Code   RO          900    i.sqrt              m_ws.l(sqrt.o)
    0x0800d050   0x0800d050   0x0000001c   Code   RO          908    i.strtod            m_ws.l(strtod.o)
    0x0800d06c   0x0800d06c   0x00000030   Data   RO            3    .constdata          main.o
    0x0800d09c   0x0800d09c   0x00000004   PAD
    0x0800d0a0   0x0800d0a0   0x00000048   Data   RO          418    .constdata          parameter_identify_data.o
    0x0800d0e8   0x0800d0e8   0x00000004   Data   RO          436    .constdata          fluxobserver.o
    0x0800d0ec   0x0800d0ec   0x00000004   PAD
    0x0800d0f0   0x0800d0f0   0x00000030   Data   RO          559    .constdata          filter_data.o
    0x0800d120   0x0800d120   0x00000098   Data   RO          867    .constdata          m_ws.l(atan.o)
    0x0800d1b8   0x0800d1b8   0x00000030   Data   RO         1224    .constdata          m_ws.l(cos_i.o)
    0x0800d1e8   0x0800d1e8   0x000000c8   Data   RO         1262    .constdata          m_ws.l(rred.o)
    0x0800d2b0   0x0800d2b0   0x00000028   Data   RO         1266    .constdata          m_ws.l(sin_i.o)
    0x0800d2d8   0x0800d2d8   0x00000040   Data   RO         1334    .constdata          mc_w.l(ctype_c.o)
    0x0800d318   0x0800d318   0x00000020   Data   RO         1338    Region$$Table       anon$$obj.o


    Execution Region RW_IRAM1 (Exec base: 0x20000000, Load base: 0x0800d338, Size: 0x00002970, Max: 0x00010000, ABSOLUTE, COMPRESSED[0x000000b0])

    Exec Addr    Load Addr    Size         Type   Attr      Idx    E Section Name        Object

    0x20000000   COMPRESSED   0x00000430   Data   RW            4    .data               main.o
    0x20000430   COMPRESSED   0x00000014   Data   RW          252    .data               system_stm32f10x.o
    0x20000444   COMPRESSED   0x00000004   PAD
    0x20000448   COMPRESSED   0x0000000c   Data   RW          367    .data               filter.o
    0x20000454   COMPRESSED   0x00000004   PAD
    0x20000458   COMPRESSED   0x00000014   Data   RW          437    .data               fluxobserver.o
    0x2000046c   COMPRESSED   0x00000004   PAD
    0x20000470   COMPRESSED   0x00000024   Data   RW          477    .data               rt_nonfinite.o
    0x20000494   COMPRESSED   0x00000002   Data   RW          577    .data               dma.o
    0x20000496   COMPRESSED   0x00000004   Data   RW          595    .data               delay.o
    0x2000049a   COMPRESSED   0x00000002   PAD
    0x2000049c   COMPRESSED   0x00000006   Data   RW          627    .data               usart.o
    0x200004a2   COMPRESSED   0x00000014   Data   RW          702    .data               stm32f10x_rcc.o
    0x200004b6   COMPRESSED   0x00000002   PAD
    0x200004b8   COMPRESSED   0x00000004   Data   RW          925    .data               mc_w.l(strtok.o)
    0x200004bc   COMPRESSED   0x00000004   Data   RW         1298    .data               mc_w.l(errno.o)
    0x200004c0        -       0x00000098   Zero   RW            2    .bss                main.o
    0x20000558        -       0x00000068   Zero   RW          365    .bss                filter.o
    0x200005c0        -       0x00000220   Zero   RW          389    .bss                parameter_identify.o
    0x200007e0        -       0x0000004c   Zero   RW          435    .bss                fluxobserver.o
    0x2000082c   COMPRESSED   0x00000004   PAD
    0x20000830        -       0x00000048   Zero   RW          522    .bss                smo.o
    0x20000878        -       0x0000002c   Zero   RW          576    .bss                dma.o
    0x200008a4        -       0x000000c8   Zero   RW          626    .bss                usart.o
    0x2000096c   COMPRESSED   0x00000004   PAD
    0x20000970        -       0x00002000   Zero   RW          670    STACK               startup_stm32f10x_hd.o


==============================================================================

Image component sizes


      Code (inc. data)   RO Data    RW Data    ZI Data      Debug   Object Name

       260         10          0          0          0       1147   adc.o
       212         18          0          4          0       1003   delay.o
       124         10          0          2         44       1429   dma.o
       328         20          0         12        104       2692   filter.o
         0          0         48          0          0       1711   filter_data.o
       984         96          4         20         76       7419   fluxobserver.o
      1450          6          0          0          0       6057   ina3221.o
      1382          6          0          0          0       6165   ina3221_2.o
     18440       2148         48       1072        152     313478   main.o
       220         22          0          0          0       1761   misc.o
      7416        434          0          0        544       6644   parameter_identify.o
         0          0         72          0          0       2443   parameter_identify_data.o
      1720         38          0          0          0       2253   park.o
       272         30          0         36          0       2560   rt_nonfinite.o
       136         14          0          0          0       1322   rtgetinf.o
        72          8          0          0          0        853   rtgetnan.o
       596         36          0          0         72       3923   smo.o
        36          8        304          0       8192        776   startup_stm32f10x_hd.o
      1102         26          0          0          0      11001   stm32f10x_adc.o
       596          8          0          0          0       4326   stm32f10x_dma.o
       860         38          0          0          0       5693   stm32f10x_gpio.o
        26          0          0          0          0       1162   stm32f10x_it.o
       932         36          0         20          0       8852   stm32f10x_rcc.o
      3610         88          0          0          0      22800   stm32f10x_tim.o
      1032         22          0          0          0       8420   stm32f10x_usart.o
         0          0          0          0          0         32   sys.o
       480         38          0         20          0       1683   system_stm32f10x.o
       712         20          0          0          0       2193   timer.o
       320         18          0          6        200       3074   usart.o

    ----------------------------------------------------------------------
     43328       3198        516       1208       9392     432872   Object Totals
         0          0         32          0          0          0   (incl. Generated)
        10          0          8         16          8          0   (incl. Padding)

    ----------------------------------------------------------------------

      Code (inc. data)   RO Data    RW Data    ZI Data      Debug   Library Member Name

        36          0          0          0          0        212   IQNtoF.o
       544         70        152          0          0        124   atan.o
       604         76          0          0          0        116   atan2f.o
       156          8          0          0          0        104   cos.o
       252         22         48          0          0        124   cos_i.o
        34          6          0          0          0        204   dunder.o
        40          0          0          0          0         68   fpclassify.o
        38          0          0          0          0         68   fpclassifyf.o
        14          0          0          0          0        136   funder.o
       170          0          0          0          0         96   poly.o
       904         76        200          0          0        140   rred.o
       160         10          0          0          0        108   sin.o
       236         12         40          0          0        128   sin_i.o
        76          0          0          0          0         84   sqrt.o
        28          0          0          0          0         80   strtod.o
        86          0          0          0          0          0   __dczerorl2.o
        64          0          0          0          0         84   _sgetc.o
        40          6         64          0          0         68   ctype_c.o
         0          0          0          0          0          0   entry.o
         0          0          0          0          0          0   entry10a.o
         0          0          0          0          0          0   entry11a.o
         8          4          0          0          0          0   entry2.o
         4          0          0          0          0          0   entry5.o
         0          0          0          0          0          0   entry7b.o
         0          0          0          0          0          0   entry8b.o
         8          4          0          0          0          0   entry9a.o
        12          6          0          4          0         68   errno.o
        30          0          0          0          0          0   handlers.o
        36          8          0          0          0         68   init.o
        10          0          0          0          0         68   isspace_c.o
         0          0          0          0          0          0   iusefp.o
        30          0          0          0          0         68   llshl.o
        36          0          0          0          0         68   llsshr.o
        32          0          0          0          0         68   llushr.o
        26          0          0          0          0         80   memcmp.o
        36          0          0          0          0         68   memcpya.o
        36          0          0          0          0        108   memseta.o
      2308         96          0          0          0        604   printfa.o
       156          0          0          0          0         88   qsort.o
       878         12          0          0          0        216   scanf_fp.o
       156         12          0          0          0        120   strtod.o
        68          6          0          4          0         80   strtok.o
        44          0          0          0          0         80   uidiv.o
        98          0          0          0          0         92   uldiv.o
        48          0          0          0          0         68   cdcmple.o
        48          0          0          0          0         68   cdrcmple.o
        20          0          0          0          0         68   cfcmple.o
        20          0          0          0          0         68   cfrcmple.o
        56          0          0          0          0         88   d2f.o
       334          0          0          0          0        148   dadd.o
       222          0          0          0          0        100   ddiv.o
       186          0          0          0          0        176   depilogue.o
        62          0          0          0          0         80   dfixi.o
        50          0          0          0          0         76   dfixui.o
        48          0          0          0          0         68   dfixul.o
        34          0          0          0          0         76   dflti.o
        26          0          0          0          0         76   dfltui.o
        24          0          0          0          0         76   dfltul.o
       228          0          0          0          0         96   dmul.o
        46          0          0          0          0         80   dscalb.o
       162          0          0          0          0        100   dsqrt.o
        38          0          0          0          0         68   f2d.o
       176          0          0          0          0        140   fadd.o
       124          0          0          0          0         88   fdiv.o
       110          0          0          0          0        168   fepilogue.o
        18          0          0          0          0         68   fflti.o
        10          0          0          0          0         68   ffltui.o
       100          0          0          0          0         76   fmul.o
        24          0          0          0          0         68   fscalb.o

    ----------------------------------------------------------------------
      9724        434        504          8          0       6144   Library Totals
        16          0          0          0          0          0   (incl. Padding)

    ----------------------------------------------------------------------

      Code (inc. data)   RO Data    RW Data    ZI Data      Debug   Library Name

        36          0          0          0          0        212   IQmathLib-cm3.lib
      3256        280        440          0          0       1580   m_ws.l
      4202        154         64          8          0       2096   mc_w.l
      2214          0          0          0          0       2256   mf_w.l

    ----------------------------------------------------------------------
      9724        434        504          8          0       6144   Library Totals

    ----------------------------------------------------------------------

==============================================================================


      Code (inc. data)   RO Data    RW Data    ZI Data      Debug   

     53052       3632       1020       1216       9392     433684   Grand Totals
     53052       3632       1020        176       9392     433684   ELF Image Totals (compressed)
     53052       3632       1020        176          0          0   ROM Totals

==============================================================================

    Total RO  Size (Code + RO Data)                54072 (  52.80kB)
    Total RW  Size (RW Data + ZI Data)             10608 (  10.36kB)
    Total ROM Size (Code + RO Data + RW Data)      54248 (  52.98kB)

==============================================================================

